// Jest Snapshot v1, https://goo.gl/fbAQLP

exports[`compiler mounting compiled code arrays mounts array using initial state data - access index 1`] = `"<ul><!--el_1--><li>index: 0</li><li>index: 1</li></ul>"`;

exports[`compiler mounting compiled code arrays mounts array using initial state data - custom "as" 1`] = `"<ul><!--el_1--><li>foo</li><li>bar</li></ul>"`;

exports[`compiler mounting compiled code arrays mounts array using initial state data - custom "index" 1`] = `"<ul><!--el_1--><li>foo</li><li>bar</li></ul>"`;

exports[`compiler mounting compiled code arrays mounts array using initial state data - js expression 1`] = `"<ul><!--el_1--><li>foo</li><li>bar</li><li>foo</li><li>bar</li></ul>"`;

exports[`compiler mounting compiled code arrays mounts array using initial state data - nested template 1`] = `"<ul><!--el_1--><li><p>some text</p><div><span>more</span></div></li><li><p>some text</p><div><span>more</span></div></li></ul>"`;

exports[`compiler mounting compiled code arrays mounts array using initial state data - simple 1`] = `"<ul><!--el_1--><li>foo</li><li>bar</li></ul>"`;

exports[`compiler mounting compiled code arrays mounts array using initial state data - with attributes 1`] = `"<ul><!--el_1--><li><p data-name=\\"foo\\">foo</p></li><li><p data-name=\\"bar\\">bar</p></li></ul>"`;

exports[`compiler mounting compiled code arrays mounts array using initial state data - with sybling 1`] = `"<div><!--el_1--><span>0</span><span>1</span><div>I like this place</div></div>"`;

exports[`compiler mounting compiled code arrays splicing - add item 1`] = `"<ul><!--el_1--><li>foo</li><li>bar</li><li>oof</li></ul>"`;

exports[`compiler mounting compiled code arrays splicing - no array to array with items 1`] = `"<ul><!--el_1--><li>foo</li><li>bar</li></ul>"`;

exports[`compiler mounting compiled code arrays splicing - remove item 1`] = `"<ul><!--el_1--><li>foo</li><li>oof</li></ul>"`;

exports[`compiler mounting compiled code arrays update without array length change - custom "as" 1`] = `"<ul><!--el_1--><li>foo-updated</li><li>bar-updated</li></ul>"`;

exports[`compiler mounting compiled code arrays update without array length change - custom "index" 1`] = `"<ul><!--el_1--><li>foo-updated</li><li>bar-updated</li></ul>"`;

exports[`compiler mounting compiled code arrays update without array length change - js expression 1`] = `"<ul><!--el_1--><li>foo-updated</li><li>bar-updated</li><li>foo-updated</li><li>bar-updated</li></ul>"`;

exports[`compiler mounting compiled code arrays update without array length change - simple 1`] = `"<ul><!--el_1--><li>foo-updated</li><li>bar-updated</li></ul>"`;

exports[`compiler mounting compiled code mount function evaluates given expression - boolean expression false 1`] = `"<div>false</div>"`;

exports[`compiler mounting compiled code mount function evaluates given expression - boolean expression true 1`] = `"<div bar=\\"\\">true</div>"`;

exports[`compiler mounting compiled code mount function evaluates given expression - javascript expressions 1`] = `"<div sum=\\"7\\">5</div>"`;

exports[`compiler mounting compiled code mount function evaluates given expression - method expressions 1`] = `"<div upper=\\"MACIEJ GIBAS\\">MACIEJ</div>"`;

exports[`compiler mounting compiled code mount function evaluates given expression - multiple expressions 1`] = `"<div foo=\\"2 and 3\\">2 and 3</div>"`;

exports[`compiler mounting compiled code mount function evaluates given expression - multiple expressions with undefined properties 1`] = `"<div>  and </div>"`;

exports[`compiler mounting compiled code mount function evaluates given expression - nested property expression on undefined property 1`] = `"<div></div>"`;

exports[`compiler mounting compiled code mount function evaluates given expression - property expression on undefined property 1`] = `"<div></div>"`;

exports[`compiler mounting compiled code mount function evaluates given expression - property expression with 0 as result 1`] = `"<div foo=\\"0\\">0</div>"`;

exports[`compiler mounting compiled code mount function evaluates given expression - property expression with empty string as result 1`] = `"<div></div>"`;

exports[`compiler mounting compiled code mount function evaluates given expression - simple expressions 1`] = `"<div foo=\\"2\\">Maciej Gibas</div>"`;

exports[`compiler mounting compiled code mount function recreates given template on a given node - empty 1`] = `""`;

exports[`compiler mounting compiled code mount function recreates given template on a given node - multiple nodes 1`] = `"<div></div><p></p>"`;

exports[`compiler mounting compiled code mount function recreates given template on a given node - nested 1`] = `"<div><p>hello</p></div>"`;

exports[`compiler mounting compiled code mount function recreates given template on a given node - simple 1`] = `"<div></div>"`;

exports[`compiler mounting compiled code mount function recreates given template on a given node - text nodes 1`] = `
" <div></div>some text and empty line
        
        <p></p>"
`;

exports[`compiler mounting compiled code mount function recreates given template on a given node - with attributes 1`] = `"<div foo=\\"5\\" bar=\\"some\\"></div>"`;

exports[`compiler mounting compiled code update state in dom on update call - boolean expression from empty to non empty 1`] = `"<div bar=\\"blah\\">blah</div>"`;

exports[`compiler mounting compiled code update state in dom on update call - boolean expression from false to true 1`] = `"<div bar=\\"\\">true</div>"`;

exports[`compiler mounting compiled code update state in dom on update call - boolean expression from non empty to empty 1`] = `"<div></div>"`;

exports[`compiler mounting compiled code update state in dom on update call - boolean expression from true to false 1`] = `"<div>false</div>"`;

exports[`compiler mounting compiled code update state in dom on update call - javascript expressions 1`] = `"<div sum=\\"802\\">800</div>"`;

exports[`compiler mounting compiled code update state in dom on update call - method expressions 1`] = `"<div upper=\\"FOO BAR\\">FOO</div>"`;

exports[`compiler mounting compiled code update state in dom on update call - multiple expressions 1`] = `"<div foo=\\"300 and 500\\">300 and 500</div>"`;

exports[`compiler mounting compiled code update state in dom on update call - multiple expressions with undefined properties 1`] = `"<div>  and </div>"`;

exports[`compiler mounting compiled code update state in dom on update call - nested property expression on undefined property 1`] = `"<div></div>"`;

exports[`compiler mounting compiled code update state in dom on update call - property expression from 0 value to non 0 1`] = `"<div foo=\\"1\\">1</div>"`;

exports[`compiler mounting compiled code update state in dom on update call - property expression from non 0 to 0 value 1`] = `"<div foo=\\"0\\">0</div>"`;

exports[`compiler mounting compiled code update state in dom on update call - property expression on undefined property 1`] = `"<div></div>"`;

exports[`compiler mounting compiled code update state in dom on update call - simple expressions 1`] = `"<div foo=\\"300\\">Foo Bar</div>"`;
