// Jest Snapshot v1, https://goo.gl/fbAQLP

exports[`repeat-tag-node-compiler on compile simple repeat-for 1`] = `
"(() => {
  let items = (() => {
    try {
      return state.objects;
    } catch (err) {
      return;
    }
  })();
  if (!items)
    return;
  for (let i = 0; i < items.length; i++) {
    TAG_NODE_COMPILER_PART('parent', '[object Object]', '(child, compiler) => {}');
  }
})();"
`;
