// Jest Snapshot v1, https://goo.gl/fbAQLP

exports[`text-node-update-compiler on compile multiple paths 1`] = `
"_updaters.push({
  update: st => {
    testElement.nodeValue = 'test-template-string';
  }
});"
`;

exports[`text-node-update-compiler on compile single path 1`] = `
"_updaters.push({
  update: st => {
    testElement.nodeValue = 'test-template-string';
  }
});"
`;
